---
source: tests/cli.rs
expression: "help_output(& [\"use\", \"--help\"])"
---
Apply a template component to the current project

Usage: hpds use [OPTIONS] [COMPONENT]

Arguments:
  [COMPONENT]  Component to apply; omit to list the available components

Options:
      --kind <VALUE>   Component-specific variant (e.g. make, targets, or both for pipeline)
  -v, --verbose        Show more detail (underlying commands, tool names)
      --force          Overwrite existing files that differ from the template
  -q, --quiet          Suppress all output except errors
      --no-color       Disable colored output
      --config <PATH>  Use this config file instead of discovering hpds.toml
  -h, --help           Print help
