---
source: tests/cli.rs
expression: "help_output(& [\"repo\", \"create\", \"--help\"])"
---
Create a GitHub repo for the current project (lab-manual gh flow)

Usage: hpds repo create [OPTIONS]

Options:
  -v, --verbose        Show more detail (underlying commands, tool names)
  -q, --quiet          Suppress all output except errors
      --no-color       Disable colored output
      --config <PATH>  Use this config file instead of discovering hpds.toml
  -h, --help           Print help
