---
source: tests/cli.rs
expression: "help_output(& [\"init\", \"--help\"])"
---
Set up a new or existing project interactively

Walks through the project name, language(s), and components (pipeline, readme, container, slurm, gha), then writes hpds.toml with the [project] metadata and optionally initializes git and creates the GitHub repo. Pass --yes to accept every default without prompting. Formatting and linting the scaffolded project is the separate togi tool's job (`hpds install togi`). `hpds project init` is an alias for this command.

Usage: hpds init [OPTIONS]

Options:
  -v, --verbose
          Show more detail (underlying commands, tool names)

  -y, --yes
          Accept the default for every unanswered question; never prompt

      --name <NAME>
          Project name [default: the current directory's name]

  -q, --quiet
          Suppress all output except errors

      --description <TEXT>
          One-line project description, recorded in hpds.toml

      --no-color
          Disable colored output

      --config <PATH>
          Use this config file instead of discovering hpds.toml

      --language <LANGUAGE>
          Project language(s) [default under --yes: detected from project files, e.g. renv.lock or pyproject.toml]
          
          [possible values: r, python, both]

      --use <COMPONENTS>
          Components to apply (comma-separated): pipeline, readme, container, slurm, gha. Attach a variant with `:` — pipeline:make|targets|both, container:docker|apptainer|both, gha:pr-template+lint+audit-bot. Without a variant, --yes defaults pipeline to make, container to docker, and gha to every workflow, and reports each defaulted kind so the choice is never silent

      --author <AUTHOR>
          Primary author (GitHub username) for hpds.toml [default: the login gh is authenticated as, else empty]

      --force
          Overwrite existing files that differ from what init would write

      --git-init
          Initialize a git repository without asking (--yes otherwise skips it)

      --vaccinate
          Add the lab ignore patterns to the repo's .gitignore without asking, like `hpds git vaccinate --project` (--yes otherwise skips it)

      --repo-create
          Create and push a GitHub repository at the end, like `hpds repo create` (never runs under --yes without this flag)

  -h, --help
          Print help (see a summary with '-h')
