---
source: tests/cli.rs
expression: "help_output(& [\"git\", \"setup\", \"--help\"])"
---
Configure sensible git defaults and gh auth guidance

Usage: hpds git setup [OPTIONS]

Options:
  -v, --verbose        Show more detail (underlying commands, tool names)
  -q, --quiet          Suppress all output except errors
      --no-color       Disable colored output
      --config <PATH>  Use this config file instead of discovering hpds.toml
  -h, --help           Print help
