---
source: tests/cli.rs
expression: "help_output(& [\"tools\", \"update\", \"--help\"])"
---
Refresh tools to release defaults or config pins

Usage: hpds tools update [OPTIONS]

Options:
  -v, --verbose        Show more detail (underlying commands, tool names)
  -q, --quiet          Suppress all output except errors
      --no-color       Disable colored output
      --config <PATH>  Use this config file instead of discovering hpds.toml
  -h, --help           Print help
